[INFO] Scanning for projects...
[INFO] 
[INFO] ------------------< com.gameplatform:central-system >-------------------
[INFO] Building central-system 1.0.0-SNAPSHOT
[INFO]   from pom.xml
[INFO] --------------------------------[ jar ]---------------------------------
[INFO] 
[INFO] >>> spring-boot:3.2.0:run (default-cli) > test-compile @ central-system >>>
[INFO] 
[INFO] --- resources:3.3.1:resources (default-resources) @ central-system ---
[WARNING] Using platform encoding (UTF-8 actually) to copy filtered resources, i.e. build is platform dependent!
[INFO] Copying 5 resources from src\main\resources to target\classes
[INFO] 
[INFO] --- compiler:3.13.0:compile (default-compile) @ central-system ---
[INFO] Recompiling the module because of changed source code.
[WARNING] File encoding has not been set, using platform encoding UTF-8, i.e. build is platform dependent!
[INFO] Compiling 212 source files with javac [debug parameters target 21] to target\classes
[WARNING] unknown enum constant javax.annotation.meta.When.MAYBE
  reason: class file for javax.annotation.meta.When not found
[WARNING] /C:/Users/VLT14/Documents/UNI/PISSIR/Progetto/gamehandler-platform/central-system/src/main/java/com/gameplatform/central/infrastructure/security/JwtTokenProvider.java:[108,19] generateToken(com.gameplatform.central.domain.model.User,java.time.Instant) in com.gameplatform.central.domain.ports.out.TokenProviderPort has been deprecated and marked for removal
[INFO] 
[INFO] --- resources:3.3.1:testResources (default-testResources) @ central-system ---
[WARNING] Using platform encoding (UTF-8 actually) to copy filtered resources, i.e. build is platform dependent!
[INFO] Copying 2 resources from src\test\resources to target\test-classes
[INFO] 
[INFO] --- compiler:3.13.0:testCompile (default-testCompile) @ central-system ---
[INFO] Recompiling the module because of changed dependency.
[WARNING] File encoding has not been set, using platform encoding UTF-8, i.e. build is platform dependent!
[INFO] Compiling 72 source files with javac [debug parameters target 21] to target\test-classes
[INFO] /C:/Users/VLT14/Documents/UNI/PISSIR/Progetto/gamehandler-platform/central-system/src/test/java/com/gameplatform/central/application/service/AuthServiceJwtExpirationBugTest.java: Some input files use or override a deprecated API.
[INFO] /C:/Users/VLT14/Documents/UNI/PISSIR/Progetto/gamehandler-platform/central-system/src/test/java/com/gameplatform/central/application/service/AuthServiceJwtExpirationBugTest.java: Recompile with -Xlint:deprecation for details.
[INFO] /C:/Users/VLT14/Documents/UNI/PISSIR/Progetto/gamehandler-platform/central-system/src/test/java/com/gameplatform/central/domain/model/AggregatedStatisticsTest.java: Some input files use unchecked or unsafe operations.
[INFO] /C:/Users/VLT14/Documents/UNI/PISSIR/Progetto/gamehandler-platform/central-system/src/test/java/com/gameplatform/central/domain/model/AggregatedStatisticsTest.java: Recompile with -Xlint:unchecked for details.
[INFO] 
[INFO] <<< spring-boot:3.2.0:run (default-cli) < test-compile @ central-system <<<
[INFO] 
[INFO] 
[INFO] --- spring-boot:3.2.0:run (default-cli) @ central-system ---
[INFO] Attaching agents: []

  .   ____          _            __ _ _
 /\\ / ___'_ __ _ _(_)_ __  __ _ \ \ \ \
( ( )\___ | '_ | '_| | '_ \/ _` | \ \ \ \
 \\/  ___)| |_)| | | | | || (_| |  ) ) ) )
  '  |____| .__|_| |_|_| |_\__, | / / / /
 =========|_|==============|___/=/_/_/_/
 :: Spring Boot ::                (v3.2.0)

2026-07-13T02:04:48.607+02:00  INFO 41536 --- [central-system] [           main] c.g.central.CentralSystemApplication     : Starting CentralSystemApplication using Java 21.0.5 with PID 41536 (C:\Users\VLT14\Documents\UNI\PISSIR\Progetto\gamehandler-platform\central-system\target\classes started by VLT14 in C:\Users\VLT14\Documents\UNI\PISSIR\Progetto\gamehandler-platform\central-system)
2026-07-13T02:04:48.609+02:00  INFO 41536 --- [central-system] [           main] c.g.central.CentralSystemApplication     : No active profile set, falling back to 1 default profile: "default"
2026-07-13T02:04:49.314+02:00  INFO 41536 --- [central-system] [           main] .s.d.r.c.RepositoryConfigurationDelegate : Bootstrapping Spring Data JPA repositories in DEFAULT mode.
2026-07-13T02:04:49.386+02:00  INFO 41536 --- [central-system] [           main] .s.d.r.c.RepositoryConfigurationDelegate : Finished Spring Data repository scanning in 67 ms. Found 18 JPA repository interfaces.
2026-07-13T02:04:50.059+02:00  INFO 41536 --- [central-system] [           main] o.s.b.w.embedded.tomcat.TomcatWebServer  : Tomcat initialized with port 8080 (https)
2026-07-13T02:04:50.067+02:00  INFO 41536 --- [central-system] [           main] o.apache.catalina.core.StandardService   : Starting service [Tomcat]
2026-07-13T02:04:50.067+02:00  INFO 41536 --- [central-system] [           main] o.apache.catalina.core.StandardEngine    : Starting Servlet engine: [Apache Tomcat/10.1.16]
2026-07-13T02:04:50.107+02:00  INFO 41536 --- [central-system] [           main] o.a.c.c.C.[Tomcat].[localhost].[/]       : Initializing Spring embedded WebApplicationContext
2026-07-13T02:04:50.108+02:00  INFO 41536 --- [central-system] [           main] w.s.c.ServletWebServerApplicationContext : Root WebApplicationContext: initialization completed in 1467 ms
2026-07-13T02:04:50.241+02:00  INFO 41536 --- [central-system] [           main] c.g.c.i.security.InternalApiKeyFilter    : InternalApiKeyFilter initialized ΓÇö internal API key is configured.
2026-07-13T02:04:50.258+02:00  INFO 41536 --- [central-system] [           main] c.g.c.i.security.JwtTokenProvider        : Loading private key from path: classpath:private.pem
2026-07-13T02:04:50.260+02:00  INFO 41536 --- [central-system] [           main] c.g.c.i.security.JwtTokenProvider        : Successfully loaded RSA private key and derived public key
2026-07-13T02:04:50.268+02:00  INFO 41536 --- [central-system] [           main] c.g.c.infrastructure.config.CorsConfig   : CORS configured with explicit origins: [http://localhost:3000] (credentials enabled)
2026-07-13T02:04:50.417+02:00  INFO 41536 --- [central-system] [           main] o.hibernate.jpa.internal.util.LogHelper  : HHH000204: Processing PersistenceUnitInfo [name: default]
2026-07-13T02:04:50.454+02:00  INFO 41536 --- [central-system] [           main] org.hibernate.Version                    : HHH000412: Hibernate ORM core version 6.3.1.Final
2026-07-13T02:04:50.477+02:00  INFO 41536 --- [central-system] [           main] o.h.c.internal.RegionFactoryInitiator    : HHH000026: Second-level cache disabled
2026-07-13T02:04:50.629+02:00  INFO 41536 --- [central-system] [           main] o.s.o.j.p.SpringPersistenceUnitInfo      : No LoadTimeWeaver setup: ignoring JPA class transformer
2026-07-13T02:04:50.647+02:00  INFO 41536 --- [central-system] [           main] com.zaxxer.hikari.HikariDataSource       : HikariPool-1 - Starting...
2026-07-13T02:04:50.883+02:00  INFO 41536 --- [central-system] [           main] com.zaxxer.hikari.pool.HikariPool        : HikariPool-1 - Added connection com.mysql.cj.jdbc.ConnectionImpl@278c998
2026-07-13T02:04:50.884+02:00  INFO 41536 --- [central-system] [           main] com.zaxxer.hikari.HikariDataSource       : HikariPool-1 - Start completed.
2026-07-13T02:04:51.779+02:00  INFO 41536 --- [central-system] [           main] o.h.e.t.j.p.i.JtaPlatformInitiator       : HHH000489: No JTA platform available (set 'hibernate.transaction.jta.platform' to enable JTA platform integration)
2026-07-13T02:04:51.832+02:00  INFO 41536 --- [central-system] [           main] j.LocalContainerEntityManagerFactoryBean : Initialized JPA EntityManagerFactory for persistence unit 'default'
2026-07-13T02:04:52.173+02:00  INFO 41536 --- [central-system] [           main] o.s.d.j.r.query.QueryEnhancerFactory     : Hibernate is in classpath; If applicable, HQL parser will be used.
2026-07-13T02:04:53.958+02:00  WARN 41536 --- [central-system] [           main] JpaBaseConfiguration$JpaWebConfiguration : spring.jpa.open-in-view is enabled by default. Therefore, database queries may be performed during view rendering. Explicitly configure spring.jpa.open-in-view to disable this warning
2026-07-13T02:04:54.011+02:00  WARN 41536 --- [central-system] [           main] .s.s.UserDetailsServiceAutoConfiguration : 

Using generated security password: c5c9b010-6db5-483f-8541-6f073369caf6

This generated password is for development use only. Your security configuration must be updated before running your application in production.

2026-07-13T02:04:54.298+02:00  INFO 41536 --- [central-system] [           main] o.s.b.a.e.web.EndpointLinksResolver      : Exposing 1 endpoint(s) beneath base path '/actuator'
2026-07-13T02:04:54.358+02:00  INFO 41536 --- [central-system] [           main] o.s.s.web.DefaultSecurityFilterChain     : Will secure any request with [org.springframework.security.web.session.DisableEncodeUrlFilter@141cb3a4, org.springframework.security.web.context.request.async.WebAsyncManagerIntegrationFilter@36fd028d, org.springframework.security.web.context.SecurityContextHolderFilter@46f77687, org.springframework.security.web.header.HeaderWriterFilter@7f7b15d4, org.springframework.web.filter.CorsFilter@23b71d24, org.springframework.security.web.authentication.logout.LogoutFilter@5e4b92b3, org.springframework.web.filter.CorsFilter@23b71d24, com.gameplatform.central.infrastructure.security.JwtAuthenticationFilter@18907af2, com.gameplatform.central.infrastructure.security.InternalApiKeyFilter@6b09ce57, org.springframework.security.web.savedrequest.RequestCacheAwareFilter@34468b30, org.springframework.security.web.servletapi.SecurityContextHolderAwareRequestFilter@754f951a, org.springframework.security.web.authentication.AnonymousAuthenticationFilter@16c574c4, org.springframework.security.web.session.SessionManagementFilter@3519f35, org.springframework.security.web.access.ExceptionTranslationFilter@49df0145, org.springframework.security.web.access.intercept.AuthorizationFilter@37cc103c]
2026-07-13T02:04:54.856+02:00  INFO 41536 --- [central-system] [           main] o.a.t.util.net.NioEndpoint.certificate   : Connector [https-jsse-nio-8080], TLS virtual host [_default_], certificate type [UNDEFINED] configured from keystore [C:\Users\VLT14\.keystore] using alias [central-system-https] with trust store [null]
2026-07-13T02:04:54.869+02:00  INFO 41536 --- [central-system] [           main] o.s.b.w.embedded.tomcat.TomcatWebServer  : Tomcat started on port 8080 (https) with context path ''
2026-07-13T02:04:54.881+02:00  INFO 41536 --- [central-system] [           main] c.g.central.CentralSystemApplication     : Started CentralSystemApplication in 6.555 seconds (process running for 6.818)
Hibernate: select oeje1_0.id,oeje1_0.created_at,oeje1_0.event_type,oeje1_0.payload,oeje1_0.sent_at,oeje1_0.status from outbox_events oeje1_0 where oeje1_0.status=? order by oeje1_0.created_at limit ?,?
