[INFO] Scanning for projects...
[INFO] 
[INFO] ------------------< com.gameplatform:central-system >-------------------
[INFO] Building central-system 1.0.0-SNAPSHOT
[INFO]   from pom.xml
[INFO] --------------------------------[ jar ]---------------------------------
[INFO] 
[INFO] >>> spring-boot:3.2.0:run (default-cli) > test-compile @ central-system >>>
[INFO] 
[INFO] --- resources:3.3.1:resources (default-resources) @ central-system ---
[WARNING] Using platform encoding (UTF-8 actually) to copy filtered resources, i.e. build is platform dependent!
[INFO] Copying 5 resources from src\main\resources to target\classes
[INFO] 
[INFO] --- compiler:3.13.0:compile (default-compile) @ central-system ---
[INFO] Nothing to compile - all classes are up to date.
[INFO] 
[INFO] --- resources:3.3.1:testResources (default-testResources) @ central-system ---
[WARNING] Using platform encoding (UTF-8 actually) to copy filtered resources, i.e. build is platform dependent!
[INFO] Copying 2 resources from src\test\resources to target\test-classes
[INFO] 
[INFO] --- compiler:3.13.0:testCompile (default-testCompile) @ central-system ---
[INFO] Nothing to compile - all classes are up to date.
[INFO] 
[INFO] <<< spring-boot:3.2.0:run (default-cli) < test-compile @ central-system <<<
[INFO] 
[INFO] 
[INFO] --- spring-boot:3.2.0:run (default-cli) @ central-system ---
[INFO] Attaching agents: []

  .   ____          _            __ _ _
 /\\ / ___'_ __ _ _(_)_ __  __ _ \ \ \ \
( ( )\___ | '_ | '_| | '_ \/ _` | \ \ \ \
 \\/  ___)| |_)| | | | | || (_| |  ) ) ) )
  '  |____| .__|_| |_|_| |_\__, | / / / /
 =========|_|==============|___/=/_/_/_/
 :: Spring Boot ::                (v3.2.0)

2026-07-13T03:46:09.163+02:00  INFO 24516 --- [central-system] [           main] c.g.central.CentralSystemApplication     : Starting CentralSystemApplication using Java 21.0.5 with PID 24516 (C:\Users\VLT14\Documents\UNI\PISSIR\Progetto\gamehandler-platform\central-system\target\classes started by VLT14 in C:\Users\VLT14\Documents\UNI\PISSIR\Progetto\gamehandler-platform\central-system)
2026-07-13T03:46:09.165+02:00  INFO 24516 --- [central-system] [           main] c.g.central.CentralSystemApplication     : No active profile set, falling back to 1 default profile: "default"
2026-07-13T03:46:09.881+02:00  INFO 24516 --- [central-system] [           main] .s.d.r.c.RepositoryConfigurationDelegate : Bootstrapping Spring Data JPA repositories in DEFAULT mode.
2026-07-13T03:46:09.955+02:00  INFO 24516 --- [central-system] [           main] .s.d.r.c.RepositoryConfigurationDelegate : Finished Spring Data repository scanning in 69 ms. Found 18 JPA repository interfaces.
2026-07-13T03:46:10.623+02:00  INFO 24516 --- [central-system] [           main] o.s.b.w.embedded.tomcat.TomcatWebServer  : Tomcat initialized with port 8080 (https)
2026-07-13T03:46:10.633+02:00  INFO 24516 --- [central-system] [           main] o.apache.catalina.core.StandardService   : Starting service [Tomcat]
2026-07-13T03:46:10.633+02:00  INFO 24516 --- [central-system] [           main] o.apache.catalina.core.StandardEngine    : Starting Servlet engine: [Apache Tomcat/10.1.16]
2026-07-13T03:46:10.675+02:00  INFO 24516 --- [central-system] [           main] o.a.c.c.C.[Tomcat].[localhost].[/]       : Initializing Spring embedded WebApplicationContext
2026-07-13T03:46:10.676+02:00  INFO 24516 --- [central-system] [           main] w.s.c.ServletWebServerApplicationContext : Root WebApplicationContext: initialization completed in 1480 ms
2026-07-13T03:46:10.804+02:00  WARN 24516 --- [central-system] [           main] c.g.c.i.security.InternalApiKeyFilter    : Security misconfiguration: 'internal.api-key' is using the default 'secret' value. Set a strong INTERNAL_API_KEY in production-like environments (active profiles: ).
2026-07-13T03:46:10.805+02:00  INFO 24516 --- [central-system] [           main] c.g.c.i.security.InternalApiKeyFilter    : InternalApiKeyFilter initialized ΓÇö internal API key is configured.
2026-07-13T03:46:10.822+02:00  INFO 24516 --- [central-system] [           main] c.g.c.i.security.JwtTokenProvider        : Loading private key from path: classpath:private.pem
2026-07-13T03:46:10.824+02:00  INFO 24516 --- [central-system] [           main] c.g.c.i.security.JwtTokenProvider        : Successfully loaded RSA private key and derived public key
2026-07-13T03:46:10.832+02:00  INFO 24516 --- [central-system] [           main] c.g.c.infrastructure.config.CorsConfig   : CORS configured with explicit origins: [http://localhost:3000] (credentials enabled)
2026-07-13T03:46:10.980+02:00  INFO 24516 --- [central-system] [           main] o.hibernate.jpa.internal.util.LogHelper  : HHH000204: Processing PersistenceUnitInfo [name: default]
2026-07-13T03:46:11.019+02:00  INFO 24516 --- [central-system] [           main] org.hibernate.Version                    : HHH000412: Hibernate ORM core version 6.3.1.Final
2026-07-13T03:46:11.042+02:00  INFO 24516 --- [central-system] [           main] o.h.c.internal.RegionFactoryInitiator    : HHH000026: Second-level cache disabled
2026-07-13T03:46:11.197+02:00  INFO 24516 --- [central-system] [           main] o.s.o.j.p.SpringPersistenceUnitInfo      : No LoadTimeWeaver setup: ignoring JPA class transformer
2026-07-13T03:46:11.216+02:00  INFO 24516 --- [central-system] [           main] com.zaxxer.hikari.HikariDataSource       : HikariPool-1 - Starting...
2026-07-13T03:46:11.437+02:00  INFO 24516 --- [central-system] [           main] com.zaxxer.hikari.pool.HikariPool        : HikariPool-1 - Added connection com.mysql.cj.jdbc.ConnectionImpl@3cfab340
2026-07-13T03:46:11.439+02:00  INFO 24516 --- [central-system] [           main] com.zaxxer.hikari.HikariDataSource       : HikariPool-1 - Start completed.
2026-07-13T03:46:12.595+02:00  INFO 24516 --- [central-system] [           main] o.h.e.t.j.p.i.JtaPlatformInitiator       : HHH000489: No JTA platform available (set 'hibernate.transaction.jta.platform' to enable JTA platform integration)
2026-07-13T03:46:12.651+02:00  INFO 24516 --- [central-system] [           main] j.LocalContainerEntityManagerFactoryBean : Initialized JPA EntityManagerFactory for persistence unit 'default'
2026-07-13T03:46:13.001+02:00  INFO 24516 --- [central-system] [           main] o.s.d.j.r.query.QueryEnhancerFactory     : Hibernate is in classpath; If applicable, HQL parser will be used.
2026-07-13T03:46:14.237+02:00  WARN 24516 --- [central-system] [           main] JpaBaseConfiguration$JpaWebConfiguration : spring.jpa.open-in-view is enabled by default. Therefore, database queries may be performed during view rendering. Explicitly configure spring.jpa.open-in-view to disable this warning
2026-07-13T03:46:14.292+02:00  WARN 24516 --- [central-system] [           main] .s.s.UserDetailsServiceAutoConfiguration : 

Using generated security password: 1d008c3b-fce8-4461-bfe1-3b78188f17b9

This generated password is for development use only. Your security configuration must be updated before running your application in production.

2026-07-13T03:46:14.572+02:00  INFO 24516 --- [central-system] [           main] o.s.b.a.e.web.EndpointLinksResolver      : Exposing 1 endpoint(s) beneath base path '/actuator'
2026-07-13T03:46:14.631+02:00  INFO 24516 --- [central-system] [           main] o.s.s.web.DefaultSecurityFilterChain     : Will secure any request with [org.springframework.security.web.session.DisableEncodeUrlFilter@1bffbac, org.springframework.security.web.context.request.async.WebAsyncManagerIntegrationFilter@353a829f, org.springframework.security.web.context.SecurityContextHolderFilter@7a0daf3d, org.springframework.security.web.header.HeaderWriterFilter@7d8e1c87, org.springframework.web.filter.CorsFilter@4c56644f, org.springframework.security.web.authentication.logout.LogoutFilter@7876ba81, org.springframework.web.filter.CorsFilter@4c56644f, com.gameplatform.central.infrastructure.security.JwtAuthenticationFilter@cfd5cd2, com.gameplatform.central.infrastructure.security.InternalApiKeyFilter@1a7163e3, org.springframework.security.web.savedrequest.RequestCacheAwareFilter@44067808, org.springframework.security.web.servletapi.SecurityContextHolderAwareRequestFilter@8466428, org.springframework.security.web.authentication.AnonymousAuthenticationFilter@320f9b40, org.springframework.security.web.session.SessionManagementFilter@318a2e9f, org.springframework.security.web.access.ExceptionTranslationFilter@396feeb5, org.springframework.security.web.access.intercept.AuthorizationFilter@29ec693e]
2026-07-13T03:46:15.071+02:00  INFO 24516 --- [central-system] [           main] o.a.t.util.net.NioEndpoint.certificate   : Connector [https-jsse-nio-8080], TLS virtual host [_default_], certificate type [UNDEFINED] configured from keystore [C:\Users\VLT14\.keystore] using alias [central-system-https] with trust store [null]
2026-07-13T03:46:15.084+02:00  INFO 24516 --- [central-system] [           main] o.s.b.w.embedded.tomcat.TomcatWebServer  : Tomcat started on port 8080 (https) with context path ''
2026-07-13T03:46:15.094+02:00  INFO 24516 --- [central-system] [           main] c.g.central.CentralSystemApplication     : Started CentralSystemApplication in 6.215 seconds (process running for 6.463)
Hibernate: select oeje1_0.id,oeje1_0.created_at,oeje1_0.event_type,oeje1_0.payload,oeje1_0.sent_at,oeje1_0.status from outbox_events oeje1_0 where oeje1_0.status=? order by oeje1_0.created_at limit ?,?
