[INFO] Scanning for projects...
[INFO] 
[INFO] -------------------< com.gameplatform:local-server >--------------------
[INFO] Building local-server 1.0.0-SNAPSHOT
[INFO]   from pom.xml
[INFO] --------------------------------[ jar ]---------------------------------
[INFO] 
[INFO] >>> spring-boot:3.2.0:run (default-cli) > test-compile @ local-server >>>
[INFO] 
[INFO] --- resources:3.3.1:resources (default-resources) @ local-server ---
[WARNING] Using platform encoding (UTF-8 actually) to copy filtered resources, i.e. build is platform dependent!
[INFO] Copying 9 resources from src\main\resources to target\classes
[INFO] 
[INFO] --- compiler:3.13.0:compile (default-compile) @ local-server ---
[INFO] Recompiling the module because of changed source code.
[WARNING] File encoding has not been set, using platform encoding UTF-8, i.e. build is platform dependent!
[INFO] Compiling 244 source files with javac [debug parameters target 21] to target\classes
[WARNING] /C:/Users/VLT14/Documents/UNI/PISSIR/Progetto/gamehandler-platform/local-server/src/main/java/com/gameplatform/local/infrastructure/security/JwtTokenProvider.java:[30,19] generateToken(com.gameplatform.local.domain.model.User,java.time.Instant) in com.gameplatform.local.domain.ports.out.TokenGeneratorPort has been deprecated and marked for removal
[INFO] 
[INFO] --- resources:3.3.1:testResources (default-testResources) @ local-server ---
[WARNING] Using platform encoding (UTF-8 actually) to copy filtered resources, i.e. build is platform dependent!
[INFO] Copying 1 resource from src\test\resources to target\test-classes
[INFO] 
[INFO] --- compiler:3.13.0:testCompile (default-testCompile) @ local-server ---
[INFO] Recompiling the module because of changed dependency.
[WARNING] File encoding has not been set, using platform encoding UTF-8, i.e. build is platform dependent!
[INFO] Compiling 122 source files with javac [debug parameters target 21] to target\test-classes
[INFO] /C:/Users/VLT14/Documents/UNI/PISSIR/Progetto/gamehandler-platform/local-server/src/test/java/com/gameplatform/local/domain/model/UserTest.java: Some input files use or override a deprecated API.
[INFO] /C:/Users/VLT14/Documents/UNI/PISSIR/Progetto/gamehandler-platform/local-server/src/test/java/com/gameplatform/local/domain/model/UserTest.java: Recompile with -Xlint:deprecation for details.
[INFO] 
[INFO] <<< spring-boot:3.2.0:run (default-cli) < test-compile @ local-server <<<
[INFO] 
[INFO] 
[INFO] --- spring-boot:3.2.0:run (default-cli) @ local-server ---
[INFO] Attaching agents: []

  .   ____          _            __ _ _
 /\\ / ___'_ __ _ _(_)_ __  __ _ \ \ \ \
( ( )\___ | '_ | '_| | '_ \/ _` | \ \ \ \
 \\/  ___)| |_)| | | | | || (_| |  ) ) ) )
  '  |____| .__|_| |_|_| |_\__, | / / / /
 =========|_|==============|___/=/_/_/_/
 :: Spring Boot ::                (v3.2.0)

2026-07-13T02:06:17.630+02:00  INFO 31084 --- [local-server] [           main] c.g.local.LocalServerApplication         : Starting LocalServerApplication using Java 21.0.5 with PID 31084 (C:\Users\VLT14\Documents\UNI\PISSIR\Progetto\gamehandler-platform\local-server\target\classes started by VLT14 in C:\Users\VLT14\Documents\UNI\PISSIR\Progetto\gamehandler-platform\local-server)
2026-07-13T02:06:17.632+02:00  INFO 31084 --- [local-server] [           main] c.g.local.LocalServerApplication         : No active profile set, falling back to 1 default profile: "default"
2026-07-13T02:06:18.373+02:00  INFO 31084 --- [local-server] [           main] .s.d.r.c.RepositoryConfigurationDelegate : Bootstrapping Spring Data JPA repositories in DEFAULT mode.
2026-07-13T02:06:18.449+02:00  INFO 31084 --- [local-server] [           main] .s.d.r.c.RepositoryConfigurationDelegate : Finished Spring Data repository scanning in 71 ms. Found 15 JPA repository interfaces.
2026-07-13T02:06:19.130+02:00  INFO 31084 --- [local-server] [           main] o.s.b.w.embedded.tomcat.TomcatWebServer  : Tomcat initialized with port 8081 (https)
2026-07-13T02:06:19.139+02:00  INFO 31084 --- [local-server] [           main] o.apache.catalina.core.StandardService   : Starting service [Tomcat]
2026-07-13T02:06:19.139+02:00  INFO 31084 --- [local-server] [           main] o.apache.catalina.core.StandardEngine    : Starting Servlet engine: [Apache Tomcat/10.1.16]
2026-07-13T02:06:19.180+02:00  INFO 31084 --- [local-server] [           main] o.a.c.c.C.[Tomcat].[localhost].[/]       : Initializing Spring embedded WebApplicationContext
2026-07-13T02:06:19.180+02:00  INFO 31084 --- [local-server] [           main] w.s.c.ServletWebServerApplicationContext : Root WebApplicationContext: initialization completed in 1518 ms
2026-07-13T02:06:19.298+02:00  INFO 31084 --- [local-server] [           main] c.g.l.infrastructure.config.JwtConfig    : Loading local private key from: classpath:local-private.pem
2026-07-13T02:06:19.299+02:00  INFO 31084 --- [local-server] [           main] c.g.l.infrastructure.config.JwtConfig    : Loading local public key from: classpath:local-public.pem
2026-07-13T02:06:19.301+02:00  INFO 31084 --- [local-server] [           main] c.g.l.infrastructure.config.JwtConfig    : Successfully loaded local RSA keypair
2026-07-13T02:06:19.459+02:00  INFO 31084 --- [local-server] [           main] o.hibernate.jpa.internal.util.LogHelper  : HHH000204: Processing PersistenceUnitInfo [name: default]
2026-07-13T02:06:19.496+02:00  INFO 31084 --- [local-server] [           main] org.hibernate.Version                    : HHH000412: Hibernate ORM core version 6.3.1.Final
2026-07-13T02:06:19.520+02:00  INFO 31084 --- [local-server] [           main] o.h.c.internal.RegionFactoryInitiator    : HHH000026: Second-level cache disabled
2026-07-13T02:06:19.673+02:00  INFO 31084 --- [local-server] [           main] o.s.o.j.p.SpringPersistenceUnitInfo      : No LoadTimeWeaver setup: ignoring JPA class transformer
2026-07-13T02:06:19.690+02:00  INFO 31084 --- [local-server] [           main] com.zaxxer.hikari.HikariDataSource       : HikariPool-1 - Starting...
2026-07-13T02:06:19.924+02:00  INFO 31084 --- [local-server] [           main] com.zaxxer.hikari.pool.HikariPool        : HikariPool-1 - Added connection com.mysql.cj.jdbc.ConnectionImpl@5edd9b4f
2026-07-13T02:06:19.925+02:00  INFO 31084 --- [local-server] [           main] com.zaxxer.hikari.HikariDataSource       : HikariPool-1 - Start completed.
2026-07-13T02:06:20.810+02:00  INFO 31084 --- [local-server] [           main] o.h.e.t.j.p.i.JtaPlatformInitiator       : HHH000489: No JTA platform available (set 'hibernate.transaction.jta.platform' to enable JTA platform integration)
2026-07-13T02:06:20.855+02:00  INFO 31084 --- [local-server] [           main] j.LocalContainerEntityManagerFactoryBean : Initialized JPA EntityManagerFactory for persistence unit 'default'
2026-07-13T02:06:21.111+02:00  INFO 31084 --- [local-server] [           main] o.s.d.j.r.query.QueryEnhancerFactory     : Hibernate is in classpath; If applicable, HQL parser will be used.
2026-07-13T02:06:22.244+02:00  INFO 31084 --- [local-server] [           main] c.g.l.infrastructure.config.MqttConfig   : Creating MqttClient with brokerUrl: tcp://localhost:1883 and clientId: local-server-building-1-c7a3d7ab
2026-07-13T02:06:22.603+02:00  INFO 31084 --- [local-server] [           main] c.g.l.infrastructure.config.MqttConfig   : MQTT Client connected successfully
2026-07-13T02:06:22.603+02:00  INFO 31084 --- [local-server] [ding-1-c7a3d7ab] c.g.l.infrastructure.config.MqttConfig   : MQTT connection complete (reconnect: false, serverURI: tcp://localhost:1883)
2026-07-13T02:06:22.609+02:00  INFO 31084 --- [local-server] [ding-1-c7a3d7ab] c.g.l.infrastructure.config.MqttConfig   : MQTT Client subscribed to topics successfully
2026-07-13T02:06:22.979+02:00  WARN 31084 --- [local-server] [           main] JpaBaseConfiguration$JpaWebConfiguration : spring.jpa.open-in-view is enabled by default. Therefore, database queries may be performed during view rendering. Explicitly configure spring.jpa.open-in-view to disable this warning
2026-07-13T02:06:23.040+02:00  WARN 31084 --- [local-server] [           main] .s.s.UserDetailsServiceAutoConfiguration : 

Using generated security password: f6969a96-4b1b-4c46-b7f3-a1dbc9bc28c7

This generated password is for development use only. Your security configuration must be updated before running your application in production.

2026-07-13T02:06:23.354+02:00  INFO 31084 --- [local-server] [           main] o.s.b.a.e.web.EndpointLinksResolver      : Exposing 1 endpoint(s) beneath base path '/actuator'
2026-07-13T02:06:23.409+02:00  INFO 31084 --- [local-server] [           main] o.s.s.web.DefaultSecurityFilterChain     : Will secure any request with [org.springframework.security.web.session.DisableEncodeUrlFilter@5ae9ea0a, org.springframework.security.web.context.request.async.WebAsyncManagerIntegrationFilter@4080ea09, org.springframework.security.web.context.SecurityContextHolderFilter@25ec2f46, org.springframework.security.web.header.HeaderWriterFilter@7e915daa, org.springframework.web.filter.CorsFilter@67f3b72d, org.springframework.security.web.authentication.logout.LogoutFilter@35ca8ec3, com.gameplatform.local.infrastructure.security.JwtAuthenticationFilter@2026fbff, com.gameplatform.local.infrastructure.security.InternalApiKeyFilter@64f32e9e, org.springframework.security.web.savedrequest.RequestCacheAwareFilter@69bdb27c, org.springframework.security.web.servletapi.SecurityContextHolderAwareRequestFilter@5b7b281, org.springframework.security.web.authentication.AnonymousAuthenticationFilter@5b9fbaca, org.springframework.security.web.session.SessionManagementFilter@4c775b94, org.springframework.security.web.access.ExceptionTranslationFilter@35cb8b64, org.springframework.security.web.access.intercept.AuthorizationFilter@61207d28]
2026-07-13T02:06:23.856+02:00  INFO 31084 --- [local-server] [           main] o.a.t.util.net.NioEndpoint.certificate   : Connector [https-jsse-nio-8081], TLS virtual host [_default_], certificate type [UNDEFINED] configured from keystore [C:\Users\VLT14\.keystore] using alias [local-server-https] with trust store [null]
2026-07-13T02:06:23.868+02:00  INFO 31084 --- [local-server] [           main] o.s.b.w.embedded.tomcat.TomcatWebServer  : Tomcat started on port 8081 (https) with context path ''
2026-07-13T02:06:23.879+02:00  INFO 31084 --- [local-server] [           main] c.g.local.LocalServerApplication         : Started LocalServerApplication in 6.608 seconds (process running for 6.874)
2026-07-13T02:06:23.910+02:00  WARN 31084 --- [local-server] [er-registration] c.g.l.i.a.o.r.CentralSystemRestAdapter   : Central system is unreachable at https://localhost:8080: I/O error on GET request for "https://localhost:8080/internal/sync/receive": Connection refused: getsockopt
2026-07-13T02:06:23.910+02:00  INFO 31084 --- [local-server] [er-registration] c.g.l.a.s.LocalServerRegistrationService : Central system not reachable; will retry registration in 1000 ms.
Hibernate: select gje1_0.id,gje1_0.building_id,gje1_0.game_type,gje1_0.name,gje1_0.status,gje1_0.version from game_catalog gje1_0
Hibernate: select gsje1_0.id,gsje1_0.building_id,gsje1_0.duration_s,gsje1_0.ended_at,gsje1_0.game_id,gsje1_0.game_type,gsje1_0.result_data,gsje1_0.started_at,gsje1_0.status,gsje1_0.tournament_id,gsje1_0.tournament_match_id,gsje1_0.version,gsje1_0.win_condition,gsje1_0.winner_id from game_sessions gsje1_0 where gsje1_0.status=?
Hibernate: select gsje1_0.id,gsje1_0.building_id,gsje1_0.duration_s,gsje1_0.ended_at,gsje1_0.game_id,gsje1_0.game_type,gsje1_0.result_data,gsje1_0.started_at,gsje1_0.status,gsje1_0.tournament_id,gsje1_0.tournament_match_id,gsje1_0.version,gsje1_0.win_condition,gsje1_0.winner_id from game_sessions gsje1_0 where gsje1_0.status=?
2026-07-13T02:06:23.980+02:00  INFO 31084 --- [local-server] [   scheduling-1] c.g.l.i.a.out.mqtt.MqttPublisherAdapter  : Publishing session event to topic building/building-1/game/game-chess-1/heartbeat
2026-07-13T02:06:23.988+02:00  INFO 31084 --- [local-server] [   scheduling-1] c.g.l.i.a.out.mqtt.MqttPublisherAdapter  : Publishing session event to topic building/building-1/game/game-darts-1/heartbeat
2026-07-13T02:06:24.008+02:00  INFO 31084 --- [local-server] [ding-1-c7a3d7ab] c.g.l.i.a.out.mqtt.MqttPublisherAdapter  : Publishing session event to topic building/building-1/game/game-chess-1/heartbeat/ack
2026-07-13T02:06:24.012+02:00  INFO 31084 --- [local-server] [   scheduling-1] c.g.l.i.a.out.mqtt.MqttPublisherAdapter  : Publishing session event to topic building/building-1/game/game-foosball-1/heartbeat
2026-07-13T02:06:24.019+02:00  INFO 31084 --- [local-server] [ding-1-c7a3d7ab] c.g.l.i.a.out.mqtt.MqttPublisherAdapter  : Publishing session event to topic building/building-1/game/game-darts-1/heartbeat/ack
2026-07-13T02:06:24.024+02:00  INFO 31084 --- [local-server] [   scheduling-1] c.g.l.i.a.out.mqtt.MqttPublisherAdapter  : Publishing session event to topic building/building-1/game/game-slot-1/heartbeat
2026-07-13T02:06:24.029+02:00  INFO 31084 --- [local-server] [ding-1-c7a3d7ab] c.g.l.i.a.out.mqtt.MqttPublisherAdapter  : Publishing session event to topic building/building-1/game/game-foosball-1/heartbeat/ack
Hibernate: select gsje1_0.id,gsje1_0.building_id,gsje1_0.duration_s,gsje1_0.ended_at,gsje1_0.game_id,gsje1_0.game_type,gsje1_0.result_data,gsje1_0.started_at,gsje1_0.status,gsje1_0.tournament_id,gsje1_0.tournament_match_id,gsje1_0.version,gsje1_0.win_condition,gsje1_0.winner_id from game_sessions gsje1_0 where gsje1_0.status=?
Hibernate: select rje1_0.id,rje1_0.created_at,rje1_0.end_time,rje1_0.game_id,rje1_0.start_time,rje1_0.status,rje1_0.user_id,rje1_0.version from reservations rje1_0 where rje1_0.status in (?,?) and rje1_0.end_time<?
Hibernate: select arlje1_0.request_id,arlje1_0.acting_role,arlje1_0.acting_user_id,arlje1_0.building_id,arlje1_0.completed_at,arlje1_0.created_at,arlje1_0.event_type,arlje1_0.outbox_event_id,arlje1_0.payload,arlje1_0.result_data,arlje1_0.status from admin_requests_local arlje1_0 where arlje1_0.status=? and arlje1_0.created_at<?
Hibernate: select oeje1_0.id,oeje1_0.created_at,oeje1_0.event_type,oeje1_0.payload,oeje1_0.retry_count,oeje1_0.sent_at,oeje1_0.status from outbox_events oeje1_0 where oeje1_0.status=? order by oeje1_0.created_at
2026-07-13T02:06:24.082+02:00  INFO 31084 --- [local-server] [ding-1-c7a3d7ab] c.g.l.i.a.out.mqtt.MqttPublisherAdapter  : Publishing session event to topic building/building-1/game/game-slot-1/heartbeat/ack
Hibernate: select count(*) from outbox_dead_letter dleje1_0
2026-07-13T02:06:24.091+02:00  INFO 31084 --- [local-server] [   scheduling-1] c.g.l.a.s.OutboxDlqPromotionService      : Promoted 0 failed outbox events to DLQ (current DLQ size: 0)
Hibernate: delete from outbox_events where status='SENT' and sent_at<?
Hibernate: select oeje1_0.id,oeje1_0.created_at,oeje1_0.event_type,oeje1_0.payload,oeje1_0.retry_count,oeje1_0.sent_at,oeje1_0.status from outbox_events oeje1_0 where oeje1_0.status=? order by oeje1_0.created_at limit ?,?
2026-07-13T02:06:24.804+02:00  WARN 31084 --- [local-server] [er-registration] c.g.l.i.a.o.r.CentralSystemRestAdapter   : Central system is unreachable at https://localhost:8080: I/O error on GET request for "https://localhost:8080/internal/sync/receive": Connection refused: getsockopt
2026-07-13T02:06:24.804+02:00  INFO 31084 --- [local-server] [er-registration] c.g.l.a.s.LocalServerRegistrationService : Central system not reachable; will retry registration in 2000 ms.
2026-07-13T02:06:26.971+02:00  WARN 31084 --- [local-server] [er-registration] c.g.l.i.a.o.r.CentralSystemRestAdapter   : Central system is unreachable at https://localhost:8080: I/O error on GET request for "https://localhost:8080/internal/sync/receive": Connection refused: getsockopt
2026-07-13T02:06:26.971+02:00  INFO 31084 --- [local-server] [er-registration] c.g.l.a.s.LocalServerRegistrationService : Central system not reachable; will retry registration in 4000 ms.
2026-07-13T02:06:30.804+02:00  WARN 31084 --- [local-server] [er-registration] c.g.l.i.a.o.r.CentralSystemRestAdapter   : Central system is unreachable at https://localhost:8080: I/O error on GET request for "https://localhost:8080/internal/sync/receive": Connection refused: getsockopt
2026-07-13T02:06:30.804+02:00  INFO 31084 --- [local-server] [er-registration] c.g.l.a.s.LocalServerRegistrationService : Central system not reachable; will retry registration in 8000 ms.
2026-07-13T02:06:38.204+02:00  WARN 31084 --- [local-server] [er-registration] c.g.l.i.a.o.r.CentralSystemRestAdapter   : Central system is unreachable at https://localhost:8080: I/O error on GET request for "https://localhost:8080/internal/sync/receive": Connection refused: getsockopt
2026-07-13T02:06:38.204+02:00  INFO 31084 --- [local-server] [er-registration] c.g.l.a.s.LocalServerRegistrationService : Central system not reachable; will retry registration in 16000 ms.
2026-07-13T02:06:52.254+02:00  WARN 31084 --- [local-server] [er-registration] c.g.l.i.a.o.r.CentralSystemRestAdapter   : Central system is unreachable at https://localhost:8080: I/O error on GET request for "https://localhost:8080/internal/sync/receive": Connection refused: getsockopt
2026-07-13T02:06:52.254+02:00  INFO 31084 --- [local-server] [er-registration] c.g.l.a.s.LocalServerRegistrationService : Central system not reachable; will retry registration in 30000 ms.
2026-07-13T02:07:21.855+02:00  WARN 31084 --- [local-server] [er-registration] c.g.l.i.a.o.r.CentralSystemRestAdapter   : Central system is unreachable at https://localhost:8080: I/O error on GET request for "https://localhost:8080/internal/sync/receive": Connection refused: getsockopt
2026-07-13T02:07:21.855+02:00  INFO 31084 --- [local-server] [er-registration] c.g.l.a.s.LocalServerRegistrationService : Central system not reachable; will retry registration in 30000 ms.
